Analysis & Synthesis report for RECOP
Mon May 13 16:22:29 2024
Quartus Prime Version 18.1.0 Build 625 09/12/2018 SJ Lite Edition


---------------------
; Table of Contents ;
---------------------
  1. Legal Notice
  2. Analysis & Synthesis Summary
  3. Analysis & Synthesis Settings
  4. Parallel Compilation
  5. Analysis & Synthesis Source Files Read
  6. Analysis & Synthesis Resource Usage Summary
  7. Analysis & Synthesis Resource Utilization by Entity
  8. State Machine - |pc_test|control_unit:inst1|state
  9. Registers Removed During Synthesis
 10. General Register Statistics
 11. Post-Synthesis Netlist Statistics for Top Partition
 12. Elapsed Time Per Partition
 13. Analysis & Synthesis Messages



----------------
; Legal Notice ;
----------------
Copyright (C) 2018  Intel Corporation. All rights reserved.
Your use of Intel Corporation's design tools, logic functions 
and other software and tools, and its AMPP partner logic 
functions, and any output files from any of the foregoing 
(including device programming or simulation files), and any 
associated documentation or information are expressly subject 
to the terms and conditions of the Intel Program License 
Subscription Agreement, the Intel Quartus Prime License Agreement,
the Intel FPGA IP License Agreement, or other applicable license
agreement, including, without limitation, that your use is for
the sole purpose of programming logic devices manufactured by
Intel and sold by Intel or its authorized distributors.  Please
refer to the applicable agreement for further details.



+-------------------------------------------------------------------------------+
; Analysis & Synthesis Summary                                                  ;
+---------------------------------+---------------------------------------------+
; Analysis & Synthesis Status     ; Successful - Mon May 13 16:22:29 2024       ;
; Quartus Prime Version           ; 18.1.0 Build 625 09/12/2018 SJ Lite Edition ;
; Revision Name                   ; RECOP                                       ;
; Top-level Entity Name           ; pc_test                                     ;
; Family                          ; Cyclone V                                   ;
; Logic utilization (in ALMs)     ; N/A                                         ;
; Total registers                 ; 85                                          ;
; Total pins                      ; 107                                         ;
; Total virtual pins              ; 0                                           ;
; Total block memory bits         ; 0                                           ;
; Total DSP Blocks                ; 0                                           ;
; Total HSSI RX PCSs              ; 0                                           ;
; Total HSSI PMA RX Deserializers ; 0                                           ;
; Total HSSI TX PCSs              ; 0                                           ;
; Total HSSI PMA TX Serializers   ; 0                                           ;
; Total PLLs                      ; 0                                           ;
; Total DLLs                      ; 0                                           ;
+---------------------------------+---------------------------------------------+


+---------------------------------------------------------------------------------------------------------------------------+
; Analysis & Synthesis Settings                                                                                             ;
+---------------------------------------------------------------------------------+--------------------+--------------------+
; Option                                                                          ; Setting            ; Default Value      ;
+---------------------------------------------------------------------------------+--------------------+--------------------+
; Device                                                                          ; 5CSEMA5F31C6       ;                    ;
; Top-level entity name                                                           ; pc_test            ; RECOP              ;
; Family name                                                                     ; Cyclone V          ; Cyclone V          ;
; Use smart compilation                                                           ; Off                ; Off                ;
; Enable parallel Assembler and Timing Analyzer during compilation                ; On                 ; On                 ;
; Enable compact report table                                                     ; Off                ; Off                ;
; Restructure Multiplexers                                                        ; Auto               ; Auto               ;
; MLAB Add Timing Constraints For Mixed-Port Feed-Through Mode Setting Don't Care ; Off                ; Off                ;
; Create Debugging Nodes for IP Cores                                             ; Off                ; Off                ;
; Preserve fewer node names                                                       ; On                 ; On                 ;
; Intel FPGA IP Evaluation Mode                                                   ; Enable             ; Enable             ;
; Verilog Version                                                                 ; Verilog_2001       ; Verilog_2001       ;
; VHDL Version                                                                    ; VHDL_1993          ; VHDL_1993          ;
; State Machine Processing                                                        ; Auto               ; Auto               ;
; Safe State Machine                                                              ; Off                ; Off                ;
; Extract Verilog State Machines                                                  ; On                 ; On                 ;
; Extract VHDL State Machines                                                     ; On                 ; On                 ;
; Ignore Verilog initial constructs                                               ; Off                ; Off                ;
; Iteration limit for constant Verilog loops                                      ; 5000               ; 5000               ;
; Iteration limit for non-constant Verilog loops                                  ; 250                ; 250                ;
; Add Pass-Through Logic to Inferred RAMs                                         ; On                 ; On                 ;
; Infer RAMs from Raw Logic                                                       ; On                 ; On                 ;
; Parallel Synthesis                                                              ; On                 ; On                 ;
; DSP Block Balancing                                                             ; Auto               ; Auto               ;
; NOT Gate Push-Back                                                              ; On                 ; On                 ;
; Power-Up Don't Care                                                             ; On                 ; On                 ;
; Remove Redundant Logic Cells                                                    ; Off                ; Off                ;
; Remove Duplicate Registers                                                      ; On                 ; On                 ;
; Ignore CARRY Buffers                                                            ; Off                ; Off                ;
; Ignore CASCADE Buffers                                                          ; Off                ; Off                ;
; Ignore GLOBAL Buffers                                                           ; Off                ; Off                ;
; Ignore ROW GLOBAL Buffers                                                       ; Off                ; Off                ;
; Ignore LCELL Buffers                                                            ; Off                ; Off                ;
; Ignore SOFT Buffers                                                             ; On                 ; On                 ;
; Limit AHDL Integers to 32 Bits                                                  ; Off                ; Off                ;
; Optimization Technique                                                          ; Balanced           ; Balanced           ;
; Carry Chain Length                                                              ; 70                 ; 70                 ;
; Auto Carry Chains                                                               ; On                 ; On                 ;
; Auto Open-Drain Pins                                                            ; On                 ; On                 ;
; Perform WYSIWYG Primitive Resynthesis                                           ; Off                ; Off                ;
; Auto ROM Replacement                                                            ; On                 ; On                 ;
; Auto RAM Replacement                                                            ; On                 ; On                 ;
; Auto DSP Block Replacement                                                      ; On                 ; On                 ;
; Auto Shift Register Replacement                                                 ; Auto               ; Auto               ;
; Allow Shift Register Merging across Hierarchies                                 ; Auto               ; Auto               ;
; Auto Clock Enable Replacement                                                   ; On                 ; On                 ;
; Strict RAM Replacement                                                          ; Off                ; Off                ;
; Allow Synchronous Control Signals                                               ; On                 ; On                 ;
; Force Use of Synchronous Clear Signals                                          ; Off                ; Off                ;
; Auto Resource Sharing                                                           ; Off                ; Off                ;
; Allow Any RAM Size For Recognition                                              ; Off                ; Off                ;
; Allow Any ROM Size For Recognition                                              ; Off                ; Off                ;
; Allow Any Shift Register Size For Recognition                                   ; Off                ; Off                ;
; Use LogicLock Constraints during Resource Balancing                             ; On                 ; On                 ;
; Ignore translate_off and synthesis_off directives                               ; Off                ; Off                ;
; Timing-Driven Synthesis                                                         ; On                 ; On                 ;
; Report Parameter Settings                                                       ; On                 ; On                 ;
; Report Source Assignments                                                       ; On                 ; On                 ;
; Report Connectivity Checks                                                      ; On                 ; On                 ;
; Ignore Maximum Fan-Out Assignments                                              ; Off                ; Off                ;
; Synchronization Register Chain Length                                           ; 3                  ; 3                  ;
; Power Optimization During Synthesis                                             ; Normal compilation ; Normal compilation ;
; HDL message level                                                               ; Level2             ; Level2             ;
; Suppress Register Optimization Related Messages                                 ; Off                ; Off                ;
; Number of Removed Registers Reported in Synthesis Report                        ; 5000               ; 5000               ;
; Number of Swept Nodes Reported in Synthesis Report                              ; 5000               ; 5000               ;
; Number of Inverted Registers Reported in Synthesis Report                       ; 100                ; 100                ;
; Clock MUX Protection                                                            ; On                 ; On                 ;
; Auto Gated Clock Conversion                                                     ; Off                ; Off                ;
; Block Design Naming                                                             ; Auto               ; Auto               ;
; SDC constraint protection                                                       ; Off                ; Off                ;
; Synthesis Effort                                                                ; Auto               ; Auto               ;
; Shift Register Replacement - Allow Asynchronous Clear Signal                    ; On                 ; On                 ;
; Pre-Mapping Resynthesis Optimization                                            ; Off                ; Off                ;
; Analysis & Synthesis Message Level                                              ; Medium             ; Medium             ;
; Disable Register Merging Across Hierarchies                                     ; Auto               ; Auto               ;
; Resource Aware Inference For Block RAM                                          ; On                 ; On                 ;
; Automatic Parallel Synthesis                                                    ; On                 ; On                 ;
; Partial Reconfiguration Bitstream ID                                            ; Off                ; Off                ;
+---------------------------------------------------------------------------------+--------------------+--------------------+


+------------------------------------------+
; Parallel Compilation                     ;
+----------------------------+-------------+
; Processors                 ; Number      ;
+----------------------------+-------------+
; Number detected on machine ; 8           ;
; Maximum allowed            ; 4           ;
;                            ;             ;
; Average used               ; 1.00        ;
; Maximum used               ; 4           ;
;                            ;             ;
; Usage by Processor         ; % Time Used ;
;     Processor 1            ; 100.0%      ;
;     Processors 2-4         ;   0.0%      ;
+----------------------------+-------------+


+------------------------------------------------------------------------------------------------------------------------------------------------------------------------------------------------------------------------------+
; Analysis & Synthesis Source Files Read                                                                                                                                                                                       ;
+---------------------------------------------------------+-----------------+------------------------------------+---------------------------------------------------------------------------------------------------+---------+
; File Name with User-Entered Path                        ; Used in Netlist ; File Type                          ; File Name with Absolute Path                                                                      ; Library ;
+---------------------------------------------------------+-----------------+------------------------------------+---------------------------------------------------------------------------------------------------+---------+
; Selected VHDL source design files/various_constants.vhd ; yes             ; User VHDL File                     ; C:/COMPSYS701/ASSIGNMENTS/ReCOP-Processor/Selected VHDL source design files/various_constants.vhd ;         ;
; Selected VHDL source design files/recop_types.vhd       ; yes             ; User VHDL File                     ; C:/COMPSYS701/ASSIGNMENTS/ReCOP-Processor/Selected VHDL source design files/recop_types.vhd       ;         ;
; Selected VHDL source design files/opcodes.vhd           ; yes             ; User VHDL File                     ; C:/COMPSYS701/ASSIGNMENTS/ReCOP-Processor/Selected VHDL source design files/opcodes.vhd           ;         ;
; Selected VHDL source design files/memory_model.vhd      ; yes             ; User VHDL File                     ; C:/COMPSYS701/ASSIGNMENTS/ReCOP-Processor/Selected VHDL source design files/memory_model.vhd      ;         ;
; Selected VHDL source design files/PC.vhd                ; yes             ; User VHDL File                     ; C:/COMPSYS701/ASSIGNMENTS/ReCOP-Processor/Selected VHDL source design files/PC.vhd                ;         ;
; Selected VHDL source design files/instruction_reg.vhd   ; yes             ; User VHDL File                     ; C:/COMPSYS701/ASSIGNMENTS/ReCOP-Processor/Selected VHDL source design files/instruction_reg.vhd   ;         ;
; Selected VHDL source design files/control_unit.vhd      ; yes             ; User VHDL File                     ; C:/COMPSYS701/ASSIGNMENTS/ReCOP-Processor/Selected VHDL source design files/control_unit.vhd      ;         ;
; test/pc_test.bdf                                        ; yes             ; User Block Diagram/Schematic File  ; C:/COMPSYS701/ASSIGNMENTS/ReCOP-Processor/test/pc_test.bdf                                        ;         ;
; Selected VHDL source design files/MUX2_16.vhd           ; yes             ; User VHDL File                     ; C:/COMPSYS701/ASSIGNMENTS/ReCOP-Processor/Selected VHDL source design files/MUX2_16.vhd           ;         ;
+---------------------------------------------------------+-----------------+------------------------------------+---------------------------------------------------------------------------------------------------+---------+


+---------------------------------------------------------+
; Analysis & Synthesis Resource Usage Summary             ;
+---------------------------------------------+-----------+
; Resource                                    ; Usage     ;
+---------------------------------------------+-----------+
; Estimate of Logic utilization (ALMs needed) ; 68        ;
;                                             ;           ;
; Combinational ALUT usage for logic          ; 124       ;
;     -- 7 input functions                    ; 0         ;
;     -- 6 input functions                    ; 2         ;
;     -- 5 input functions                    ; 17        ;
;     -- 4 input functions                    ; 35        ;
;     -- <=3 input functions                  ; 70        ;
;                                             ;           ;
; Dedicated logic registers                   ; 85        ;
;                                             ;           ;
; I/O pins                                    ; 107       ;
;                                             ;           ;
; Total DSP Blocks                            ; 0         ;
;                                             ;           ;
; Maximum fan-out node                        ; clk~input ;
; Maximum fan-out                             ; 85        ;
; Total fan-out                               ; 886       ;
; Average fan-out                             ; 2.09      ;
+---------------------------------------------+-----------+


+-----------------------------------------------------------------------------------------------------------------------------------------------------------------------------------------------------------------------+
; Analysis & Synthesis Resource Utilization by Entity                                                                                                                                                                   ;
+------------------------------------+---------------------+---------------------------+-------------------+------------+------+--------------+----------------------------------------+-----------------+--------------+
; Compilation Hierarchy Node         ; Combinational ALUTs ; Dedicated Logic Registers ; Block Memory Bits ; DSP Blocks ; Pins ; Virtual Pins ; Full Hierarchy Name                    ; Entity Name     ; Library Name ;
+------------------------------------+---------------------+---------------------------+-------------------+------------+------+--------------+----------------------------------------+-----------------+--------------+
; |pc_test                           ; 124 (0)             ; 85 (0)                    ; 0                 ; 0          ; 107  ; 0            ; |pc_test                               ; pc_test         ; work         ;
;    |MUX2_16:inst2|                 ; 16 (16)             ; 0 (0)                     ; 0                 ; 0          ; 0    ; 0            ; |pc_test|MUX2_16:inst2                 ; MUX2_16         ; work         ;
;    |PC:program_counter|            ; 78 (78)             ; 32 (32)                   ; 0                 ; 0          ; 0    ; 0            ; |pc_test|PC:program_counter            ; PC              ; work         ;
;    |control_unit:inst1|            ; 13 (13)             ; 5 (5)                     ; 0                 ; 0          ; 0    ; 0            ; |pc_test|control_unit:inst1            ; control_unit    ; work         ;
;    |instruction_reg:instruction_r| ; 1 (1)               ; 32 (32)                   ; 0                 ; 0          ; 0    ; 0            ; |pc_test|instruction_reg:instruction_r ; instruction_reg ; work         ;
;    |memory_model:inst|             ; 16 (16)             ; 16 (16)                   ; 0                 ; 0          ; 0    ; 0            ; |pc_test|memory_model:inst             ; memory_model    ; work         ;
+------------------------------------+---------------------+---------------------------+-------------------+------------+------+--------------+----------------------------------------+-----------------+--------------+
Note: For table entries with two numbers listed, the numbers in parentheses indicate the number of resources of the given type used by the specific entity alone. The numbers listed outside of parentheses indicate the total resources of the given type used by the specific entity and all of its sub-entities in the hierarchy.


Encoding Type:  One-Hot
+-------------------------------------------------------------------+
; State Machine - |pc_test|control_unit:inst1|state                 ;
+-----------+----------+----------+-----------+----------+----------+
; Name      ; state.T3 ; state.T2 ; state.T1A ; state.T1 ; state.T0 ;
+-----------+----------+----------+-----------+----------+----------+
; state.T0  ; 0        ; 0        ; 0         ; 0        ; 0        ;
; state.T1  ; 0        ; 0        ; 0         ; 1        ; 1        ;
; state.T1A ; 0        ; 0        ; 1         ; 0        ; 1        ;
; state.T2  ; 0        ; 1        ; 0         ; 0        ; 1        ;
; state.T3  ; 1        ; 0        ; 0         ; 0        ; 1        ;
+-----------+----------+----------+-----------+----------+----------+


+----------------------------------------------------------------------------------+
; Registers Removed During Synthesis                                               ;
+-----------------------------------------+----------------------------------------+
; Register name                           ; Reason for Removal                     ;
+-----------------------------------------+----------------------------------------+
; memory_model:inst|memory~37             ; Stuck at GND due to stuck port data_in ;
; memory_model:inst|memory~53             ; Stuck at GND due to stuck port data_in ;
; memory_model:inst|memory~69             ; Stuck at GND due to stuck port data_in ;
; memory_model:inst|memory~85             ; Stuck at GND due to stuck port data_in ;
; memory_model:inst|memory~101            ; Stuck at GND due to stuck port data_in ;
; memory_model:inst|memory~117            ; Stuck at GND due to stuck port data_in ;
; memory_model:inst|memory~133            ; Stuck at GND due to stuck port data_in ;
; memory_model:inst|memory~149            ; Stuck at GND due to stuck port data_in ;
; memory_model:inst|memory~165            ; Stuck at GND due to stuck port data_in ;
; memory_model:inst|memory~181            ; Stuck at GND due to stuck port data_in ;
; memory_model:inst|memory~197            ; Stuck at GND due to stuck port data_in ;
; memory_model:inst|memory~213            ; Stuck at GND due to stuck port data_in ;
; memory_model:inst|memory~229            ; Stuck at GND due to stuck port data_in ;
; memory_model:inst|memory~245            ; Stuck at GND due to stuck port data_in ;
; memory_model:inst|memory~261            ; Stuck at GND due to stuck port data_in ;
; memory_model:inst|memory~277            ; Stuck at GND due to stuck port data_in ;
; memory_model:inst|memory~293            ; Stuck at GND due to stuck port data_in ;
; memory_model:inst|memory~309            ; Stuck at GND due to stuck port data_in ;
; memory_model:inst|memory~325            ; Stuck at GND due to stuck port data_in ;
; memory_model:inst|memory~341            ; Stuck at GND due to stuck port data_in ;
; memory_model:inst|memory~357            ; Stuck at GND due to stuck port data_in ;
; memory_model:inst|memory~373            ; Stuck at GND due to stuck port data_in ;
; memory_model:inst|memory~389            ; Stuck at GND due to stuck port data_in ;
; memory_model:inst|memory~405            ; Stuck at GND due to stuck port data_in ;
; memory_model:inst|memory~421            ; Stuck at GND due to stuck port data_in ;
; memory_model:inst|memory~437            ; Stuck at GND due to stuck port data_in ;
; memory_model:inst|memory~453            ; Stuck at GND due to stuck port data_in ;
; memory_model:inst|memory~469            ; Stuck at GND due to stuck port data_in ;
; memory_model:inst|memory~485            ; Stuck at GND due to stuck port data_in ;
; memory_model:inst|memory~501            ; Stuck at GND due to stuck port data_in ;
; memory_model:inst|memory~517            ; Stuck at GND due to stuck port data_in ;
; memory_model:inst|memory~533            ; Stuck at GND due to stuck port data_in ;
; memory_model:inst|memory~36             ; Stuck at GND due to stuck port data_in ;
; memory_model:inst|memory~52             ; Stuck at GND due to stuck port data_in ;
; memory_model:inst|memory~68             ; Stuck at GND due to stuck port data_in ;
; memory_model:inst|memory~84             ; Stuck at GND due to stuck port data_in ;
; memory_model:inst|memory~100            ; Stuck at GND due to stuck port data_in ;
; memory_model:inst|memory~116            ; Stuck at GND due to stuck port data_in ;
; memory_model:inst|memory~132            ; Stuck at GND due to stuck port data_in ;
; memory_model:inst|memory~148            ; Stuck at GND due to stuck port data_in ;
; memory_model:inst|memory~164            ; Stuck at GND due to stuck port data_in ;
; memory_model:inst|memory~180            ; Stuck at GND due to stuck port data_in ;
; memory_model:inst|memory~196            ; Stuck at GND due to stuck port data_in ;
; memory_model:inst|memory~212            ; Stuck at GND due to stuck port data_in ;
; memory_model:inst|memory~228            ; Stuck at GND due to stuck port data_in ;
; memory_model:inst|memory~244            ; Stuck at GND due to stuck port data_in ;
; memory_model:inst|memory~260            ; Stuck at GND due to stuck port data_in ;
; memory_model:inst|memory~276            ; Stuck at GND due to stuck port data_in ;
; memory_model:inst|memory~292            ; Stuck at GND due to stuck port data_in ;
; memory_model:inst|memory~308            ; Stuck at GND due to stuck port data_in ;
; memory_model:inst|memory~324            ; Stuck at GND due to stuck port data_in ;
; memory_model:inst|memory~340            ; Stuck at GND due to stuck port data_in ;
; memory_model:inst|memory~356            ; Stuck at GND due to stuck port data_in ;
; memory_model:inst|memory~372            ; Stuck at GND due to stuck port data_in ;
; memory_model:inst|memory~388            ; Stuck at GND due to stuck port data_in ;
; memory_model:inst|memory~404            ; Stuck at GND due to stuck port data_in ;
; memory_model:inst|memory~420            ; Stuck at GND due to stuck port data_in ;
; memory_model:inst|memory~436            ; Stuck at GND due to stuck port data_in ;
; memory_model:inst|memory~452            ; Stuck at GND due to stuck port data_in ;
; memory_model:inst|memory~468            ; Stuck at GND due to stuck port data_in ;
; memory_model:inst|memory~484            ; Stuck at GND due to stuck port data_in ;
; memory_model:inst|memory~500            ; Stuck at GND due to stuck port data_in ;
; memory_model:inst|memory~516            ; Stuck at GND due to stuck port data_in ;
; memory_model:inst|memory~532            ; Stuck at GND due to stuck port data_in ;
; memory_model:inst|memory~35             ; Stuck at GND due to stuck port data_in ;
; memory_model:inst|memory~51             ; Stuck at GND due to stuck port data_in ;
; memory_model:inst|memory~67             ; Stuck at GND due to stuck port data_in ;
; memory_model:inst|memory~83             ; Stuck at GND due to stuck port data_in ;
; memory_model:inst|memory~99             ; Stuck at GND due to stuck port data_in ;
; memory_model:inst|memory~115            ; Stuck at GND due to stuck port data_in ;
; memory_model:inst|memory~131            ; Stuck at GND due to stuck port data_in ;
; memory_model:inst|memory~147            ; Stuck at GND due to stuck port data_in ;
; memory_model:inst|memory~163            ; Stuck at GND due to stuck port data_in ;
; memory_model:inst|memory~179            ; Stuck at GND due to stuck port data_in ;
; memory_model:inst|memory~195            ; Stuck at GND due to stuck port data_in ;
; memory_model:inst|memory~211            ; Stuck at GND due to stuck port data_in ;
; memory_model:inst|memory~227            ; Stuck at GND due to stuck port data_in ;
; memory_model:inst|memory~243            ; Stuck at GND due to stuck port data_in ;
; memory_model:inst|memory~259            ; Stuck at GND due to stuck port data_in ;
; memory_model:inst|memory~275            ; Stuck at GND due to stuck port data_in ;
; memory_model:inst|memory~291            ; Stuck at GND due to stuck port data_in ;
; memory_model:inst|memory~307            ; Stuck at GND due to stuck port data_in ;
; memory_model:inst|memory~323            ; Stuck at GND due to stuck port data_in ;
; memory_model:inst|memory~339            ; Stuck at GND due to stuck port data_in ;
; memory_model:inst|memory~355            ; Stuck at GND due to stuck port data_in ;
; memory_model:inst|memory~371            ; Stuck at GND due to stuck port data_in ;
; memory_model:inst|memory~387            ; Stuck at GND due to stuck port data_in ;
; memory_model:inst|memory~403            ; Stuck at GND due to stuck port data_in ;
; memory_model:inst|memory~419            ; Stuck at GND due to stuck port data_in ;
; memory_model:inst|memory~435            ; Stuck at GND due to stuck port data_in ;
; memory_model:inst|memory~451            ; Stuck at GND due to stuck port data_in ;
; memory_model:inst|memory~467            ; Stuck at GND due to stuck port data_in ;
; memory_model:inst|memory~483            ; Stuck at GND due to stuck port data_in ;
; memory_model:inst|memory~499            ; Stuck at GND due to stuck port data_in ;
; memory_model:inst|memory~515            ; Stuck at GND due to stuck port data_in ;
; memory_model:inst|memory~531            ; Stuck at GND due to stuck port data_in ;
; memory_model:inst|memory~34             ; Stuck at GND due to stuck port data_in ;
; memory_model:inst|memory~50             ; Stuck at GND due to stuck port data_in ;
; memory_model:inst|memory~66             ; Stuck at GND due to stuck port data_in ;
; memory_model:inst|memory~82             ; Stuck at GND due to stuck port data_in ;
; memory_model:inst|memory~98             ; Stuck at GND due to stuck port data_in ;
; memory_model:inst|memory~114            ; Stuck at GND due to stuck port data_in ;
; memory_model:inst|memory~130            ; Stuck at GND due to stuck port data_in ;
; memory_model:inst|memory~146            ; Stuck at GND due to stuck port data_in ;
; memory_model:inst|memory~162            ; Stuck at GND due to stuck port data_in ;
; memory_model:inst|memory~178            ; Stuck at GND due to stuck port data_in ;
; memory_model:inst|memory~194            ; Stuck at GND due to stuck port data_in ;
; memory_model:inst|memory~210            ; Stuck at GND due to stuck port data_in ;
; memory_model:inst|memory~226            ; Stuck at GND due to stuck port data_in ;
; memory_model:inst|memory~242            ; Stuck at GND due to stuck port data_in ;
; memory_model:inst|memory~258            ; Stuck at GND due to stuck port data_in ;
; memory_model:inst|memory~274            ; Stuck at GND due to stuck port data_in ;
; memory_model:inst|memory~290            ; Stuck at GND due to stuck port data_in ;
; memory_model:inst|memory~306            ; Stuck at GND due to stuck port data_in ;
; memory_model:inst|memory~322            ; Stuck at GND due to stuck port data_in ;
; memory_model:inst|memory~338            ; Stuck at GND due to stuck port data_in ;
; memory_model:inst|memory~354            ; Stuck at GND due to stuck port data_in ;
; memory_model:inst|memory~370            ; Stuck at GND due to stuck port data_in ;
; memory_model:inst|memory~386            ; Stuck at GND due to stuck port data_in ;
; memory_model:inst|memory~402            ; Stuck at GND due to stuck port data_in ;
; memory_model:inst|memory~418            ; Stuck at GND due to stuck port data_in ;
; memory_model:inst|memory~434            ; Stuck at GND due to stuck port data_in ;
; memory_model:inst|memory~450            ; Stuck at GND due to stuck port data_in ;
; memory_model:inst|memory~466            ; Stuck at GND due to stuck port data_in ;
; memory_model:inst|memory~482            ; Stuck at GND due to stuck port data_in ;
; memory_model:inst|memory~498            ; Stuck at GND due to stuck port data_in ;
; memory_model:inst|memory~514            ; Stuck at GND due to stuck port data_in ;
; memory_model:inst|memory~530            ; Stuck at GND due to stuck port data_in ;
; memory_model:inst|memory~33             ; Stuck at GND due to stuck port data_in ;
; memory_model:inst|memory~49             ; Stuck at GND due to stuck port data_in ;
; memory_model:inst|memory~65             ; Stuck at GND due to stuck port data_in ;
; memory_model:inst|memory~81             ; Stuck at GND due to stuck port data_in ;
; memory_model:inst|memory~97             ; Stuck at GND due to stuck port data_in ;
; memory_model:inst|memory~113            ; Stuck at GND due to stuck port data_in ;
; memory_model:inst|memory~129            ; Stuck at GND due to stuck port data_in ;
; memory_model:inst|memory~145            ; Stuck at GND due to stuck port data_in ;
; memory_model:inst|memory~161            ; Stuck at GND due to stuck port data_in ;
; memory_model:inst|memory~177            ; Stuck at GND due to stuck port data_in ;
; memory_model:inst|memory~193            ; Stuck at GND due to stuck port data_in ;
; memory_model:inst|memory~209            ; Stuck at GND due to stuck port data_in ;
; memory_model:inst|memory~225            ; Stuck at GND due to stuck port data_in ;
; memory_model:inst|memory~241            ; Stuck at GND due to stuck port data_in ;
; memory_model:inst|memory~257            ; Stuck at GND due to stuck port data_in ;
; memory_model:inst|memory~273            ; Stuck at GND due to stuck port data_in ;
; memory_model:inst|memory~289            ; Stuck at GND due to stuck port data_in ;
; memory_model:inst|memory~305            ; Stuck at GND due to stuck port data_in ;
; memory_model:inst|memory~321            ; Stuck at GND due to stuck port data_in ;
; memory_model:inst|memory~337            ; Stuck at GND due to stuck port data_in ;
; memory_model:inst|memory~353            ; Stuck at GND due to stuck port data_in ;
; memory_model:inst|memory~369            ; Stuck at GND due to stuck port data_in ;
; memory_model:inst|memory~385            ; Stuck at GND due to stuck port data_in ;
; memory_model:inst|memory~401            ; Stuck at GND due to stuck port data_in ;
; memory_model:inst|memory~417            ; Stuck at GND due to stuck port data_in ;
; memory_model:inst|memory~433            ; Stuck at GND due to stuck port data_in ;
; memory_model:inst|memory~449            ; Stuck at GND due to stuck port data_in ;
; memory_model:inst|memory~465            ; Stuck at GND due to stuck port data_in ;
; memory_model:inst|memory~481            ; Stuck at GND due to stuck port data_in ;
; memory_model:inst|memory~497            ; Stuck at GND due to stuck port data_in ;
; memory_model:inst|memory~513            ; Stuck at GND due to stuck port data_in ;
; memory_model:inst|memory~529            ; Stuck at GND due to stuck port data_in ;
; memory_model:inst|memory~32             ; Stuck at GND due to stuck port data_in ;
; memory_model:inst|memory~48             ; Stuck at GND due to stuck port data_in ;
; memory_model:inst|memory~64             ; Stuck at GND due to stuck port data_in ;
; memory_model:inst|memory~80             ; Stuck at GND due to stuck port data_in ;
; memory_model:inst|memory~96             ; Stuck at GND due to stuck port data_in ;
; memory_model:inst|memory~112            ; Stuck at GND due to stuck port data_in ;
; memory_model:inst|memory~128            ; Stuck at GND due to stuck port data_in ;
; memory_model:inst|memory~144            ; Stuck at GND due to stuck port data_in ;
; memory_model:inst|memory~160            ; Stuck at GND due to stuck port data_in ;
; memory_model:inst|memory~176            ; Stuck at GND due to stuck port data_in ;
; memory_model:inst|memory~192            ; Stuck at GND due to stuck port data_in ;
; memory_model:inst|memory~208            ; Stuck at GND due to stuck port data_in ;
; memory_model:inst|memory~224            ; Stuck at GND due to stuck port data_in ;
; memory_model:inst|memory~240            ; Stuck at GND due to stuck port data_in ;
; memory_model:inst|memory~256            ; Stuck at GND due to stuck port data_in ;
; memory_model:inst|memory~272            ; Stuck at GND due to stuck port data_in ;
; memory_model:inst|memory~288            ; Stuck at GND due to stuck port data_in ;
; memory_model:inst|memory~304            ; Stuck at GND due to stuck port data_in ;
; memory_model:inst|memory~320            ; Stuck at GND due to stuck port data_in ;
; memory_model:inst|memory~336            ; Stuck at GND due to stuck port data_in ;
; memory_model:inst|memory~352            ; Stuck at GND due to stuck port data_in ;
; memory_model:inst|memory~368            ; Stuck at GND due to stuck port data_in ;
; memory_model:inst|memory~384            ; Stuck at GND due to stuck port data_in ;
; memory_model:inst|memory~400            ; Stuck at GND due to stuck port data_in ;
; memory_model:inst|memory~416            ; Stuck at GND due to stuck port data_in ;
; memory_model:inst|memory~432            ; Stuck at GND due to stuck port data_in ;
; memory_model:inst|memory~448            ; Stuck at GND due to stuck port data_in ;
; memory_model:inst|memory~464            ; Stuck at GND due to stuck port data_in ;
; memory_model:inst|memory~480            ; Stuck at GND due to stuck port data_in ;
; memory_model:inst|memory~496            ; Stuck at GND due to stuck port data_in ;
; memory_model:inst|memory~512            ; Stuck at GND due to stuck port data_in ;
; memory_model:inst|memory~528            ; Stuck at GND due to stuck port data_in ;
; memory_model:inst|memory~31             ; Stuck at GND due to stuck port data_in ;
; memory_model:inst|memory~47             ; Stuck at GND due to stuck port data_in ;
; memory_model:inst|memory~63             ; Stuck at GND due to stuck port data_in ;
; memory_model:inst|memory~79             ; Stuck at GND due to stuck port data_in ;
; memory_model:inst|memory~95             ; Stuck at GND due to stuck port data_in ;
; memory_model:inst|memory~111            ; Stuck at GND due to stuck port data_in ;
; memory_model:inst|memory~127            ; Stuck at GND due to stuck port data_in ;
; memory_model:inst|memory~143            ; Stuck at GND due to stuck port data_in ;
; memory_model:inst|memory~159            ; Stuck at GND due to stuck port data_in ;
; memory_model:inst|memory~175            ; Stuck at GND due to stuck port data_in ;
; memory_model:inst|memory~191            ; Stuck at GND due to stuck port data_in ;
; memory_model:inst|memory~207            ; Stuck at GND due to stuck port data_in ;
; memory_model:inst|memory~223            ; Stuck at GND due to stuck port data_in ;
; memory_model:inst|memory~239            ; Stuck at GND due to stuck port data_in ;
; memory_model:inst|memory~255            ; Stuck at GND due to stuck port data_in ;
; memory_model:inst|memory~271            ; Stuck at GND due to stuck port data_in ;
; memory_model:inst|memory~287            ; Stuck at GND due to stuck port data_in ;
; memory_model:inst|memory~303            ; Stuck at GND due to stuck port data_in ;
; memory_model:inst|memory~319            ; Stuck at GND due to stuck port data_in ;
; memory_model:inst|memory~335            ; Stuck at GND due to stuck port data_in ;
; memory_model:inst|memory~351            ; Stuck at GND due to stuck port data_in ;
; memory_model:inst|memory~367            ; Stuck at GND due to stuck port data_in ;
; memory_model:inst|memory~383            ; Stuck at GND due to stuck port data_in ;
; memory_model:inst|memory~399            ; Stuck at GND due to stuck port data_in ;
; memory_model:inst|memory~415            ; Stuck at GND due to stuck port data_in ;
; memory_model:inst|memory~431            ; Stuck at GND due to stuck port data_in ;
; memory_model:inst|memory~447            ; Stuck at GND due to stuck port data_in ;
; memory_model:inst|memory~463            ; Stuck at GND due to stuck port data_in ;
; memory_model:inst|memory~479            ; Stuck at GND due to stuck port data_in ;
; memory_model:inst|memory~495            ; Stuck at GND due to stuck port data_in ;
; memory_model:inst|memory~511            ; Stuck at GND due to stuck port data_in ;
; memory_model:inst|memory~527            ; Stuck at GND due to stuck port data_in ;
; memory_model:inst|memory~30             ; Stuck at GND due to stuck port data_in ;
; memory_model:inst|memory~46             ; Stuck at GND due to stuck port data_in ;
; memory_model:inst|memory~62             ; Stuck at GND due to stuck port data_in ;
; memory_model:inst|memory~78             ; Stuck at GND due to stuck port data_in ;
; memory_model:inst|memory~94             ; Stuck at GND due to stuck port data_in ;
; memory_model:inst|memory~110            ; Stuck at GND due to stuck port data_in ;
; memory_model:inst|memory~126            ; Stuck at GND due to stuck port data_in ;
; memory_model:inst|memory~142            ; Stuck at GND due to stuck port data_in ;
; memory_model:inst|memory~158            ; Stuck at GND due to stuck port data_in ;
; memory_model:inst|memory~174            ; Stuck at GND due to stuck port data_in ;
; memory_model:inst|memory~190            ; Stuck at GND due to stuck port data_in ;
; memory_model:inst|memory~206            ; Stuck at GND due to stuck port data_in ;
; memory_model:inst|memory~222            ; Stuck at GND due to stuck port data_in ;
; memory_model:inst|memory~238            ; Stuck at GND due to stuck port data_in ;
; memory_model:inst|memory~254            ; Stuck at GND due to stuck port data_in ;
; memory_model:inst|memory~270            ; Stuck at GND due to stuck port data_in ;
; memory_model:inst|memory~286            ; Stuck at GND due to stuck port data_in ;
; memory_model:inst|memory~302            ; Stuck at GND due to stuck port data_in ;
; memory_model:inst|memory~318            ; Stuck at GND due to stuck port data_in ;
; memory_model:inst|memory~334            ; Stuck at GND due to stuck port data_in ;
; memory_model:inst|memory~350            ; Stuck at GND due to stuck port data_in ;
; memory_model:inst|memory~366            ; Stuck at GND due to stuck port data_in ;
; memory_model:inst|memory~382            ; Stuck at GND due to stuck port data_in ;
; memory_model:inst|memory~398            ; Stuck at GND due to stuck port data_in ;
; memory_model:inst|memory~414            ; Stuck at GND due to stuck port data_in ;
; memory_model:inst|memory~430            ; Stuck at GND due to stuck port data_in ;
; memory_model:inst|memory~446            ; Stuck at GND due to stuck port data_in ;
; memory_model:inst|memory~462            ; Stuck at GND due to stuck port data_in ;
; memory_model:inst|memory~478            ; Stuck at GND due to stuck port data_in ;
; memory_model:inst|memory~494            ; Stuck at GND due to stuck port data_in ;
; memory_model:inst|memory~510            ; Stuck at GND due to stuck port data_in ;
; memory_model:inst|memory~526            ; Stuck at GND due to stuck port data_in ;
; memory_model:inst|memory~29             ; Stuck at GND due to stuck port data_in ;
; memory_model:inst|memory~45             ; Stuck at GND due to stuck port data_in ;
; memory_model:inst|memory~61             ; Stuck at GND due to stuck port data_in ;
; memory_model:inst|memory~77             ; Stuck at GND due to stuck port data_in ;
; memory_model:inst|memory~93             ; Stuck at GND due to stuck port data_in ;
; memory_model:inst|memory~109            ; Stuck at GND due to stuck port data_in ;
; memory_model:inst|memory~125            ; Stuck at GND due to stuck port data_in ;
; memory_model:inst|memory~141            ; Stuck at GND due to stuck port data_in ;
; memory_model:inst|memory~157            ; Stuck at GND due to stuck port data_in ;
; memory_model:inst|memory~173            ; Stuck at GND due to stuck port data_in ;
; memory_model:inst|memory~189            ; Stuck at GND due to stuck port data_in ;
; memory_model:inst|memory~205            ; Stuck at GND due to stuck port data_in ;
; memory_model:inst|memory~221            ; Stuck at GND due to stuck port data_in ;
; memory_model:inst|memory~237            ; Stuck at GND due to stuck port data_in ;
; memory_model:inst|memory~253            ; Stuck at GND due to stuck port data_in ;
; memory_model:inst|memory~269            ; Stuck at GND due to stuck port data_in ;
; memory_model:inst|memory~285            ; Stuck at GND due to stuck port data_in ;
; memory_model:inst|memory~301            ; Stuck at GND due to stuck port data_in ;
; memory_model:inst|memory~317            ; Stuck at GND due to stuck port data_in ;
; memory_model:inst|memory~333            ; Stuck at GND due to stuck port data_in ;
; memory_model:inst|memory~349            ; Stuck at GND due to stuck port data_in ;
; memory_model:inst|memory~365            ; Stuck at GND due to stuck port data_in ;
; memory_model:inst|memory~381            ; Stuck at GND due to stuck port data_in ;
; memory_model:inst|memory~397            ; Stuck at GND due to stuck port data_in ;
; memory_model:inst|memory~413            ; Stuck at GND due to stuck port data_in ;
; memory_model:inst|memory~429            ; Stuck at GND due to stuck port data_in ;
; memory_model:inst|memory~445            ; Stuck at GND due to stuck port data_in ;
; memory_model:inst|memory~461            ; Stuck at GND due to stuck port data_in ;
; memory_model:inst|memory~477            ; Stuck at GND due to stuck port data_in ;
; memory_model:inst|memory~493            ; Stuck at GND due to stuck port data_in ;
; memory_model:inst|memory~509            ; Stuck at GND due to stuck port data_in ;
; memory_model:inst|memory~525            ; Stuck at GND due to stuck port data_in ;
; memory_model:inst|memory~28             ; Stuck at GND due to stuck port data_in ;
; memory_model:inst|memory~44             ; Stuck at GND due to stuck port data_in ;
; memory_model:inst|memory~60             ; Stuck at GND due to stuck port data_in ;
; memory_model:inst|memory~76             ; Stuck at GND due to stuck port data_in ;
; memory_model:inst|memory~92             ; Stuck at GND due to stuck port data_in ;
; memory_model:inst|memory~108            ; Stuck at GND due to stuck port data_in ;
; memory_model:inst|memory~124            ; Stuck at GND due to stuck port data_in ;
; memory_model:inst|memory~140            ; Stuck at GND due to stuck port data_in ;
; memory_model:inst|memory~156            ; Stuck at GND due to stuck port data_in ;
; memory_model:inst|memory~172            ; Stuck at GND due to stuck port data_in ;
; memory_model:inst|memory~188            ; Stuck at GND due to stuck port data_in ;
; memory_model:inst|memory~204            ; Stuck at GND due to stuck port data_in ;
; memory_model:inst|memory~220            ; Stuck at GND due to stuck port data_in ;
; memory_model:inst|memory~236            ; Stuck at GND due to stuck port data_in ;
; memory_model:inst|memory~252            ; Stuck at GND due to stuck port data_in ;
; memory_model:inst|memory~268            ; Stuck at GND due to stuck port data_in ;
; memory_model:inst|memory~284            ; Stuck at GND due to stuck port data_in ;
; memory_model:inst|memory~300            ; Stuck at GND due to stuck port data_in ;
; memory_model:inst|memory~316            ; Stuck at GND due to stuck port data_in ;
; memory_model:inst|memory~332            ; Stuck at GND due to stuck port data_in ;
; memory_model:inst|memory~348            ; Stuck at GND due to stuck port data_in ;
; memory_model:inst|memory~364            ; Stuck at GND due to stuck port data_in ;
; memory_model:inst|memory~380            ; Stuck at GND due to stuck port data_in ;
; memory_model:inst|memory~396            ; Stuck at GND due to stuck port data_in ;
; memory_model:inst|memory~412            ; Stuck at GND due to stuck port data_in ;
; memory_model:inst|memory~428            ; Stuck at GND due to stuck port data_in ;
; memory_model:inst|memory~444            ; Stuck at GND due to stuck port data_in ;
; memory_model:inst|memory~460            ; Stuck at GND due to stuck port data_in ;
; memory_model:inst|memory~476            ; Stuck at GND due to stuck port data_in ;
; memory_model:inst|memory~492            ; Stuck at GND due to stuck port data_in ;
; memory_model:inst|memory~508            ; Stuck at GND due to stuck port data_in ;
; memory_model:inst|memory~524            ; Stuck at GND due to stuck port data_in ;
; memory_model:inst|memory~27             ; Stuck at GND due to stuck port data_in ;
; memory_model:inst|memory~43             ; Stuck at GND due to stuck port data_in ;
; memory_model:inst|memory~59             ; Stuck at GND due to stuck port data_in ;
; memory_model:inst|memory~75             ; Stuck at GND due to stuck port data_in ;
; memory_model:inst|memory~91             ; Stuck at GND due to stuck port data_in ;
; memory_model:inst|memory~107            ; Stuck at GND due to stuck port data_in ;
; memory_model:inst|memory~123            ; Stuck at GND due to stuck port data_in ;
; memory_model:inst|memory~139            ; Stuck at GND due to stuck port data_in ;
; memory_model:inst|memory~155            ; Stuck at GND due to stuck port data_in ;
; memory_model:inst|memory~171            ; Stuck at GND due to stuck port data_in ;
; memory_model:inst|memory~187            ; Stuck at GND due to stuck port data_in ;
; memory_model:inst|memory~203            ; Stuck at GND due to stuck port data_in ;
; memory_model:inst|memory~219            ; Stuck at GND due to stuck port data_in ;
; memory_model:inst|memory~235            ; Stuck at GND due to stuck port data_in ;
; memory_model:inst|memory~251            ; Stuck at GND due to stuck port data_in ;
; memory_model:inst|memory~267            ; Stuck at GND due to stuck port data_in ;
; memory_model:inst|memory~283            ; Stuck at GND due to stuck port data_in ;
; memory_model:inst|memory~299            ; Stuck at GND due to stuck port data_in ;
; memory_model:inst|memory~315            ; Stuck at GND due to stuck port data_in ;
; memory_model:inst|memory~331            ; Stuck at GND due to stuck port data_in ;
; memory_model:inst|memory~347            ; Stuck at GND due to stuck port data_in ;
; memory_model:inst|memory~363            ; Stuck at GND due to stuck port data_in ;
; memory_model:inst|memory~379            ; Stuck at GND due to stuck port data_in ;
; memory_model:inst|memory~395            ; Stuck at GND due to stuck port data_in ;
; memory_model:inst|memory~411            ; Stuck at GND due to stuck port data_in ;
; memory_model:inst|memory~427            ; Stuck at GND due to stuck port data_in ;
; memory_model:inst|memory~443            ; Stuck at GND due to stuck port data_in ;
; memory_model:inst|memory~459            ; Stuck at GND due to stuck port data_in ;
; memory_model:inst|memory~475            ; Stuck at GND due to stuck port data_in ;
; memory_model:inst|memory~491            ; Stuck at GND due to stuck port data_in ;
; memory_model:inst|memory~507            ; Stuck at GND due to stuck port data_in ;
; memory_model:inst|memory~523            ; Stuck at GND due to stuck port data_in ;
; memory_model:inst|memory~26             ; Stuck at GND due to stuck port data_in ;
; memory_model:inst|memory~42             ; Stuck at GND due to stuck port data_in ;
; memory_model:inst|memory~58             ; Stuck at GND due to stuck port data_in ;
; memory_model:inst|memory~74             ; Stuck at GND due to stuck port data_in ;
; memory_model:inst|memory~90             ; Stuck at GND due to stuck port data_in ;
; memory_model:inst|memory~106            ; Stuck at GND due to stuck port data_in ;
; memory_model:inst|memory~122            ; Stuck at GND due to stuck port data_in ;
; memory_model:inst|memory~138            ; Stuck at GND due to stuck port data_in ;
; memory_model:inst|memory~154            ; Stuck at GND due to stuck port data_in ;
; memory_model:inst|memory~170            ; Stuck at GND due to stuck port data_in ;
; memory_model:inst|memory~186            ; Stuck at GND due to stuck port data_in ;
; memory_model:inst|memory~202            ; Stuck at GND due to stuck port data_in ;
; memory_model:inst|memory~218            ; Stuck at GND due to stuck port data_in ;
; memory_model:inst|memory~234            ; Stuck at GND due to stuck port data_in ;
; memory_model:inst|memory~250            ; Stuck at GND due to stuck port data_in ;
; memory_model:inst|memory~266            ; Stuck at GND due to stuck port data_in ;
; memory_model:inst|memory~282            ; Stuck at GND due to stuck port data_in ;
; memory_model:inst|memory~298            ; Stuck at GND due to stuck port data_in ;
; memory_model:inst|memory~314            ; Stuck at GND due to stuck port data_in ;
; memory_model:inst|memory~330            ; Stuck at GND due to stuck port data_in ;
; memory_model:inst|memory~346            ; Stuck at GND due to stuck port data_in ;
; memory_model:inst|memory~362            ; Stuck at GND due to stuck port data_in ;
; memory_model:inst|memory~378            ; Stuck at GND due to stuck port data_in ;
; memory_model:inst|memory~394            ; Stuck at GND due to stuck port data_in ;
; memory_model:inst|memory~410            ; Stuck at GND due to stuck port data_in ;
; memory_model:inst|memory~426            ; Stuck at GND due to stuck port data_in ;
; memory_model:inst|memory~442            ; Stuck at GND due to stuck port data_in ;
; memory_model:inst|memory~458            ; Stuck at GND due to stuck port data_in ;
; memory_model:inst|memory~474            ; Stuck at GND due to stuck port data_in ;
; memory_model:inst|memory~490            ; Stuck at GND due to stuck port data_in ;
; memory_model:inst|memory~506            ; Stuck at GND due to stuck port data_in ;
; memory_model:inst|memory~522            ; Stuck at GND due to stuck port data_in ;
; memory_model:inst|memory~25             ; Stuck at GND due to stuck port data_in ;
; memory_model:inst|memory~41             ; Stuck at GND due to stuck port data_in ;
; memory_model:inst|memory~57             ; Stuck at GND due to stuck port data_in ;
; memory_model:inst|memory~73             ; Stuck at GND due to stuck port data_in ;
; memory_model:inst|memory~89             ; Stuck at GND due to stuck port data_in ;
; memory_model:inst|memory~105            ; Stuck at GND due to stuck port data_in ;
; memory_model:inst|memory~121            ; Stuck at GND due to stuck port data_in ;
; memory_model:inst|memory~137            ; Stuck at GND due to stuck port data_in ;
; memory_model:inst|memory~153            ; Stuck at GND due to stuck port data_in ;
; memory_model:inst|memory~169            ; Stuck at GND due to stuck port data_in ;
; memory_model:inst|memory~185            ; Stuck at GND due to stuck port data_in ;
; memory_model:inst|memory~201            ; Stuck at GND due to stuck port data_in ;
; memory_model:inst|memory~217            ; Stuck at GND due to stuck port data_in ;
; memory_model:inst|memory~233            ; Stuck at GND due to stuck port data_in ;
; memory_model:inst|memory~249            ; Stuck at GND due to stuck port data_in ;
; memory_model:inst|memory~265            ; Stuck at GND due to stuck port data_in ;
; memory_model:inst|memory~281            ; Stuck at GND due to stuck port data_in ;
; memory_model:inst|memory~297            ; Stuck at GND due to stuck port data_in ;
; memory_model:inst|memory~313            ; Stuck at GND due to stuck port data_in ;
; memory_model:inst|memory~329            ; Stuck at GND due to stuck port data_in ;
; memory_model:inst|memory~345            ; Stuck at GND due to stuck port data_in ;
; memory_model:inst|memory~361            ; Stuck at GND due to stuck port data_in ;
; memory_model:inst|memory~377            ; Stuck at GND due to stuck port data_in ;
; memory_model:inst|memory~393            ; Stuck at GND due to stuck port data_in ;
; memory_model:inst|memory~409            ; Stuck at GND due to stuck port data_in ;
; memory_model:inst|memory~425            ; Stuck at GND due to stuck port data_in ;
; memory_model:inst|memory~441            ; Stuck at GND due to stuck port data_in ;
; memory_model:inst|memory~457            ; Stuck at GND due to stuck port data_in ;
; memory_model:inst|memory~473            ; Stuck at GND due to stuck port data_in ;
; memory_model:inst|memory~489            ; Stuck at GND due to stuck port data_in ;
; memory_model:inst|memory~505            ; Stuck at GND due to stuck port data_in ;
; memory_model:inst|memory~521            ; Stuck at GND due to stuck port data_in ;
; memory_model:inst|memory~24             ; Stuck at GND due to stuck port data_in ;
; memory_model:inst|memory~40             ; Stuck at GND due to stuck port data_in ;
; memory_model:inst|memory~56             ; Stuck at GND due to stuck port data_in ;
; memory_model:inst|memory~72             ; Stuck at GND due to stuck port data_in ;
; memory_model:inst|memory~88             ; Stuck at GND due to stuck port data_in ;
; memory_model:inst|memory~104            ; Stuck at GND due to stuck port data_in ;
; memory_model:inst|memory~120            ; Stuck at GND due to stuck port data_in ;
; memory_model:inst|memory~136            ; Stuck at GND due to stuck port data_in ;
; memory_model:inst|memory~152            ; Stuck at GND due to stuck port data_in ;
; memory_model:inst|memory~168            ; Stuck at GND due to stuck port data_in ;
; memory_model:inst|memory~184            ; Stuck at GND due to stuck port data_in ;
; memory_model:inst|memory~200            ; Stuck at GND due to stuck port data_in ;
; memory_model:inst|memory~216            ; Stuck at GND due to stuck port data_in ;
; memory_model:inst|memory~232            ; Stuck at GND due to stuck port data_in ;
; memory_model:inst|memory~248            ; Stuck at GND due to stuck port data_in ;
; memory_model:inst|memory~264            ; Stuck at GND due to stuck port data_in ;
; memory_model:inst|memory~280            ; Stuck at GND due to stuck port data_in ;
; memory_model:inst|memory~296            ; Stuck at GND due to stuck port data_in ;
; memory_model:inst|memory~312            ; Stuck at GND due to stuck port data_in ;
; memory_model:inst|memory~328            ; Stuck at GND due to stuck port data_in ;
; memory_model:inst|memory~344            ; Stuck at GND due to stuck port data_in ;
; memory_model:inst|memory~360            ; Stuck at GND due to stuck port data_in ;
; memory_model:inst|memory~376            ; Stuck at GND due to stuck port data_in ;
; memory_model:inst|memory~392            ; Stuck at GND due to stuck port data_in ;
; memory_model:inst|memory~408            ; Stuck at GND due to stuck port data_in ;
; memory_model:inst|memory~424            ; Stuck at GND due to stuck port data_in ;
; memory_model:inst|memory~440            ; Stuck at GND due to stuck port data_in ;
; memory_model:inst|memory~456            ; Stuck at GND due to stuck port data_in ;
; memory_model:inst|memory~472            ; Stuck at GND due to stuck port data_in ;
; memory_model:inst|memory~488            ; Stuck at GND due to stuck port data_in ;
; memory_model:inst|memory~504            ; Stuck at GND due to stuck port data_in ;
; memory_model:inst|memory~520            ; Stuck at GND due to stuck port data_in ;
; memory_model:inst|memory~23             ; Stuck at GND due to stuck port data_in ;
; memory_model:inst|memory~39             ; Stuck at GND due to stuck port data_in ;
; memory_model:inst|memory~55             ; Stuck at GND due to stuck port data_in ;
; memory_model:inst|memory~71             ; Stuck at GND due to stuck port data_in ;
; memory_model:inst|memory~87             ; Stuck at GND due to stuck port data_in ;
; memory_model:inst|memory~103            ; Stuck at GND due to stuck port data_in ;
; memory_model:inst|memory~119            ; Stuck at GND due to stuck port data_in ;
; memory_model:inst|memory~135            ; Stuck at GND due to stuck port data_in ;
; memory_model:inst|memory~151            ; Stuck at GND due to stuck port data_in ;
; memory_model:inst|memory~167            ; Stuck at GND due to stuck port data_in ;
; memory_model:inst|memory~183            ; Stuck at GND due to stuck port data_in ;
; memory_model:inst|memory~199            ; Stuck at GND due to stuck port data_in ;
; memory_model:inst|memory~215            ; Stuck at GND due to stuck port data_in ;
; memory_model:inst|memory~231            ; Stuck at GND due to stuck port data_in ;
; memory_model:inst|memory~247            ; Stuck at GND due to stuck port data_in ;
; memory_model:inst|memory~263            ; Stuck at GND due to stuck port data_in ;
; memory_model:inst|memory~279            ; Stuck at GND due to stuck port data_in ;
; memory_model:inst|memory~295            ; Stuck at GND due to stuck port data_in ;
; memory_model:inst|memory~311            ; Stuck at GND due to stuck port data_in ;
; memory_model:inst|memory~327            ; Stuck at GND due to stuck port data_in ;
; memory_model:inst|memory~343            ; Stuck at GND due to stuck port data_in ;
; memory_model:inst|memory~359            ; Stuck at GND due to stuck port data_in ;
; memory_model:inst|memory~375            ; Stuck at GND due to stuck port data_in ;
; memory_model:inst|memory~391            ; Stuck at GND due to stuck port data_in ;
; memory_model:inst|memory~407            ; Stuck at GND due to stuck port data_in ;
; memory_model:inst|memory~423            ; Stuck at GND due to stuck port data_in ;
; memory_model:inst|memory~439            ; Stuck at GND due to stuck port data_in ;
; memory_model:inst|memory~455            ; Stuck at GND due to stuck port data_in ;
; memory_model:inst|memory~471            ; Stuck at GND due to stuck port data_in ;
; memory_model:inst|memory~487            ; Stuck at GND due to stuck port data_in ;
; memory_model:inst|memory~503            ; Stuck at GND due to stuck port data_in ;
; memory_model:inst|memory~519            ; Stuck at GND due to stuck port data_in ;
; memory_model:inst|memory~22             ; Stuck at GND due to stuck port data_in ;
; memory_model:inst|memory~38             ; Stuck at GND due to stuck port data_in ;
; memory_model:inst|memory~54             ; Stuck at GND due to stuck port data_in ;
; memory_model:inst|memory~70             ; Stuck at GND due to stuck port data_in ;
; memory_model:inst|memory~86             ; Stuck at GND due to stuck port data_in ;
; memory_model:inst|memory~102            ; Stuck at GND due to stuck port data_in ;
; memory_model:inst|memory~118            ; Stuck at GND due to stuck port data_in ;
; memory_model:inst|memory~134            ; Stuck at GND due to stuck port data_in ;
; memory_model:inst|memory~150            ; Stuck at GND due to stuck port data_in ;
; memory_model:inst|memory~166            ; Stuck at GND due to stuck port data_in ;
; memory_model:inst|memory~182            ; Stuck at GND due to stuck port data_in ;
; memory_model:inst|memory~198            ; Stuck at GND due to stuck port data_in ;
; memory_model:inst|memory~214            ; Stuck at GND due to stuck port data_in ;
; memory_model:inst|memory~230            ; Stuck at GND due to stuck port data_in ;
; memory_model:inst|memory~246            ; Stuck at GND due to stuck port data_in ;
; memory_model:inst|memory~262            ; Stuck at GND due to stuck port data_in ;
; memory_model:inst|memory~278            ; Stuck at GND due to stuck port data_in ;
; memory_model:inst|memory~294            ; Stuck at GND due to stuck port data_in ;
; memory_model:inst|memory~310            ; Stuck at GND due to stuck port data_in ;
; memory_model:inst|memory~326            ; Stuck at GND due to stuck port data_in ;
; memory_model:inst|memory~342            ; Stuck at GND due to stuck port data_in ;
; memory_model:inst|memory~358            ; Stuck at GND due to stuck port data_in ;
; memory_model:inst|memory~374            ; Stuck at GND due to stuck port data_in ;
; memory_model:inst|memory~390            ; Stuck at GND due to stuck port data_in ;
; memory_model:inst|memory~406            ; Stuck at GND due to stuck port data_in ;
; memory_model:inst|memory~422            ; Stuck at GND due to stuck port data_in ;
; memory_model:inst|memory~438            ; Stuck at GND due to stuck port data_in ;
; memory_model:inst|memory~454            ; Stuck at GND due to stuck port data_in ;
; memory_model:inst|memory~470            ; Stuck at GND due to stuck port data_in ;
; memory_model:inst|memory~486            ; Stuck at GND due to stuck port data_in ;
; memory_model:inst|memory~502            ; Stuck at GND due to stuck port data_in ;
; memory_model:inst|memory~518            ; Stuck at GND due to stuck port data_in ;
; Total Number of Removed Registers = 512 ;                                        ;
+-----------------------------------------+----------------------------------------+


+------------------------------------------------------+
; General Register Statistics                          ;
+----------------------------------------------+-------+
; Statistic                                    ; Value ;
+----------------------------------------------+-------+
; Total registers                              ; 85    ;
; Number of registers using Synchronous Clear  ; 0     ;
; Number of registers using Synchronous Load   ; 0     ;
; Number of registers using Asynchronous Clear ; 32    ;
; Number of registers using Asynchronous Load  ; 0     ;
; Number of registers using Clock Enable       ; 64    ;
; Number of registers using Preset             ; 0     ;
+----------------------------------------------+-------+


+-----------------------------------------------------+
; Post-Synthesis Netlist Statistics for Top Partition ;
+-----------------------+-----------------------------+
; Type                  ; Count                       ;
+-----------------------+-----------------------------+
; arriav_ff             ; 85                          ;
;     ENA               ; 32                          ;
;     ENA CLR           ; 32                          ;
;     plain             ; 21                          ;
; arriav_lcell_comb     ; 126                         ;
;     arith             ; 30                          ;
;         1 data inputs ; 14                          ;
;         2 data inputs ; 1                           ;
;         4 data inputs ; 14                          ;
;         5 data inputs ; 1                           ;
;     normal            ; 96                          ;
;         1 data inputs ; 3                           ;
;         2 data inputs ; 20                          ;
;         3 data inputs ; 34                          ;
;         4 data inputs ; 21                          ;
;         5 data inputs ; 16                          ;
;         6 data inputs ; 2                           ;
; boundary_port         ; 107                         ;
;                       ;                             ;
; Max LUT depth         ; 5.40                        ;
; Average LUT depth     ; 3.33                        ;
+-----------------------+-----------------------------+


+-------------------------------+
; Elapsed Time Per Partition    ;
+----------------+--------------+
; Partition Name ; Elapsed Time ;
+----------------+--------------+
; Top            ; 00:00:00     ;
+----------------+--------------+


+-------------------------------+
; Analysis & Synthesis Messages ;
+-------------------------------+
Info: *******************************************************************
Info: Running Quartus Prime Analysis & Synthesis
    Info: Version 18.1.0 Build 625 09/12/2018 SJ Lite Edition
    Info: Processing started: Mon May 13 16:22:20 2024
Info: Command: quartus_map --read_settings_files=on --write_settings_files=off RECOP -c RECOP
Warning (18236): Number of processors has not been specified which may cause overloading on shared machines.  Set the global assignment NUM_PARALLEL_PROCESSORS in your QSF to an appropriate value for best performance.
Info (20030): Parallel compilation is enabled and will use 4 of the 4 processors detected
Info (12021): Found 2 design units, including 1 entities, in source file selected vhdl source design files/dpcr.vhd
    Info (12022): Found design unit 1: dpcr-behavior File: C:/COMPSYS701/ASSIGNMENTS/ReCOP-Processor/Selected VHDL source design files/dpcr.vhd Line: 18
    Info (12023): Found entity 1: dpcr File: C:/COMPSYS701/ASSIGNMENTS/ReCOP-Processor/Selected VHDL source design files/dpcr.vhd Line: 8
Info (12021): Found 2 design units, including 1 entities, in source file selected vhdl source design files/mux4_16.vhd
    Info (12022): Found design unit 1: MUX4_16-arch File: C:/COMPSYS701/ASSIGNMENTS/ReCOP-Processor/Selected VHDL source design files/MUX4_16.vhd Line: 19
    Info (12023): Found entity 1: MUX4_16 File: C:/COMPSYS701/ASSIGNMENTS/ReCOP-Processor/Selected VHDL source design files/MUX4_16.vhd Line: 8
Info (12021): Found 1 design units, including 0 entities, in source file selected vhdl source design files/various_constants.vhd
    Info (12022): Found design unit 1: various_constants File: C:/COMPSYS701/ASSIGNMENTS/ReCOP-Processor/Selected VHDL source design files/various_constants.vhd Line: 7
Info (12021): Found 2 design units, including 1 entities, in source file selected vhdl source design files/registers.vhd
    Info (12022): Found design unit 1: registers-beh File: C:/COMPSYS701/ASSIGNMENTS/ReCOP-Processor/Selected VHDL source design files/registers.vhd Line: 48
    Info (12023): Found entity 1: registers File: C:/COMPSYS701/ASSIGNMENTS/ReCOP-Processor/Selected VHDL source design files/registers.vhd Line: 12
Info (12021): Found 2 design units, including 1 entities, in source file selected vhdl source design files/registerfile.vhd
    Info (12022): Found design unit 1: registerfile-SYN File: C:/COMPSYS701/ASSIGNMENTS/ReCOP-Processor/Selected VHDL source design files/registerfile.vhd Line: 60
    Info (12023): Found entity 1: registerfile File: C:/COMPSYS701/ASSIGNMENTS/ReCOP-Processor/Selected VHDL source design files/registerfile.vhd Line: 44
Info (12021): Found 2 design units, including 1 entities, in source file selected vhdl source design files/regfile.vhd
    Info (12022): Found design unit 1: regfile-beh File: C:/COMPSYS701/ASSIGNMENTS/ReCOP-Processor/Selected VHDL source design files/regfile.vhd Line: 44
    Info (12023): Found entity 1: regfile File: C:/COMPSYS701/ASSIGNMENTS/ReCOP-Processor/Selected VHDL source design files/regfile.vhd Line: 11
Info (12021): Found 1 design units, including 0 entities, in source file selected vhdl source design files/recop_types.vhd
    Info (12022): Found design unit 1: recop_types File: C:/COMPSYS701/ASSIGNMENTS/ReCOP-Processor/Selected VHDL source design files/recop_types.vhd Line: 5
Info (12021): Found 2 design units, including 1 entities, in source file selected vhdl source design files/recop_pll.vhd
    Info (12022): Found design unit 1: recop_pll-SYN File: C:/COMPSYS701/ASSIGNMENTS/ReCOP-Processor/Selected VHDL source design files/recop_pll.vhd Line: 52
    Info (12023): Found entity 1: recop_pll File: C:/COMPSYS701/ASSIGNMENTS/ReCOP-Processor/Selected VHDL source design files/recop_pll.vhd Line: 43
Info (12021): Found 2 design units, including 1 entities, in source file selected vhdl source design files/prog_mem.vhd
    Info (12022): Found design unit 1: prog_mem-SYN File: C:/COMPSYS701/ASSIGNMENTS/ReCOP-Processor/Selected VHDL source design files/prog_mem.vhd Line: 53
    Info (12023): Found entity 1: prog_mem File: C:/COMPSYS701/ASSIGNMENTS/ReCOP-Processor/Selected VHDL source design files/prog_mem.vhd Line: 43
Info (12021): Found 2 design units, including 1 entities, in source file selected vhdl source design files/pll.vhd
    Info (12022): Found design unit 1: pll-SYN File: C:/COMPSYS701/ASSIGNMENTS/ReCOP-Processor/Selected VHDL source design files/pll.vhd Line: 52
    Info (12023): Found entity 1: pll File: C:/COMPSYS701/ASSIGNMENTS/ReCOP-Processor/Selected VHDL source design files/pll.vhd Line: 42
Info (12021): Found 1 design units, including 0 entities, in source file selected vhdl source design files/opcodes.vhd
    Info (12022): Found design unit 1: opcodes File: C:/COMPSYS701/ASSIGNMENTS/ReCOP-Processor/Selected VHDL source design files/opcodes.vhd Line: 7
Info (12021): Found 2 design units, including 1 entities, in source file selected vhdl source design files/memory_model.vhd
    Info (12022): Found design unit 1: memory_model-beh File: C:/COMPSYS701/ASSIGNMENTS/ReCOP-Processor/Selected VHDL source design files/memory_model.vhd Line: 27
    Info (12023): Found entity 1: memory_model File: C:/COMPSYS701/ASSIGNMENTS/ReCOP-Processor/Selected VHDL source design files/memory_model.vhd Line: 10
Info (12021): Found 2 design units, including 1 entities, in source file selected vhdl source design files/memory_arbiter.vhd
    Info (12022): Found design unit 1: memory_arbiter-behaviour File: C:/COMPSYS701/ASSIGNMENTS/ReCOP-Processor/Selected VHDL source design files/memory_arbiter.vhd Line: 35
    Info (12023): Found entity 1: memory_arbiter File: C:/COMPSYS701/ASSIGNMENTS/ReCOP-Processor/Selected VHDL source design files/memory_arbiter.vhd Line: 11
Info (12021): Found 2 design units, including 1 entities, in source file selected vhdl source design files/data_mem.vhd
    Info (12022): Found design unit 1: data_mem-SYN File: C:/COMPSYS701/ASSIGNMENTS/ReCOP-Processor/Selected VHDL source design files/data_mem.vhd Line: 55
    Info (12023): Found entity 1: data_mem File: C:/COMPSYS701/ASSIGNMENTS/ReCOP-Processor/Selected VHDL source design files/data_mem.vhd Line: 43
Info (12021): Found 2 design units, including 1 entities, in source file selected vhdl source design files/alu.vhd
    Info (12022): Found design unit 1: alu-combined File: C:/COMPSYS701/ASSIGNMENTS/ReCOP-Processor/Selected VHDL source design files/ALU.vhd Line: 30
    Info (12023): Found entity 1: alu File: C:/COMPSYS701/ASSIGNMENTS/ReCOP-Processor/Selected VHDL source design files/ALU.vhd Line: 13
Info (12021): Found 1 design units, including 1 entities, in source file recopblockdiagram.bdf
    Info (12023): Found entity 1: RecopBlockDiagram
Info (12021): Found 2 design units, including 1 entities, in source file selected vhdl source design files/pc.vhd
    Info (12022): Found design unit 1: PC-a1 File: C:/COMPSYS701/ASSIGNMENTS/ReCOP-Processor/Selected VHDL source design files/PC.vhd Line: 18
    Info (12023): Found entity 1: PC File: C:/COMPSYS701/ASSIGNMENTS/ReCOP-Processor/Selected VHDL source design files/PC.vhd Line: 7
Info (12021): Found 2 design units, including 1 entities, in source file selected vhdl source design files/reg_16.vhd
    Info (12022): Found design unit 1: reg_16-behave File: C:/COMPSYS701/ASSIGNMENTS/ReCOP-Processor/Selected VHDL source design files/reg_16.vhd Line: 18
    Info (12023): Found entity 1: reg_16 File: C:/COMPSYS701/ASSIGNMENTS/ReCOP-Processor/Selected VHDL source design files/reg_16.vhd Line: 8
Info (12021): Found 2 design units, including 1 entities, in source file selected vhdl source design files/instruction_reg.vhd
    Info (12022): Found design unit 1: instruction_reg-behave File: C:/COMPSYS701/ASSIGNMENTS/ReCOP-Processor/Selected VHDL source design files/instruction_reg.vhd Line: 28
    Info (12023): Found entity 1: instruction_reg File: C:/COMPSYS701/ASSIGNMENTS/ReCOP-Processor/Selected VHDL source design files/instruction_reg.vhd Line: 8
Info (12021): Found 2 design units, including 1 entities, in source file selected vhdl source design files/reg_32.vhd
    Info (12022): Found design unit 1: reg_32-behave File: C:/COMPSYS701/ASSIGNMENTS/ReCOP-Processor/Selected VHDL source design files/reg_32.vhd Line: 18
    Info (12023): Found entity 1: reg_32 File: C:/COMPSYS701/ASSIGNMENTS/ReCOP-Processor/Selected VHDL source design files/reg_32.vhd Line: 8
Info (12021): Found 2 design units, including 1 entities, in source file selected vhdl source design files/control_unit.vhd
    Info (12022): Found design unit 1: control_unit-behavior File: C:/COMPSYS701/ASSIGNMENTS/ReCOP-Processor/Selected VHDL source design files/control_unit.vhd Line: 72
    Info (12023): Found entity 1: control_unit File: C:/COMPSYS701/ASSIGNMENTS/ReCOP-Processor/Selected VHDL source design files/control_unit.vhd Line: 9
Info (12021): Found 2 design units, including 1 entities, in source file selected vhdl source design files/max.vhd
    Info (12022): Found design unit 1: Max-behavior File: C:/COMPSYS701/ASSIGNMENTS/ReCOP-Processor/Selected VHDL source design files/Max.vhd Line: 18
    Info (12023): Found entity 1: Max File: C:/COMPSYS701/ASSIGNMENTS/ReCOP-Processor/Selected VHDL source design files/Max.vhd Line: 8
Info (12021): Found 1 design units, including 1 entities, in source file test/pc_test.bdf
    Info (12023): Found entity 1: pc_test
Info (12021): Found 2 design units, including 1 entities, in source file selected vhdl source design files/address_reg.vhd
    Info (12022): Found design unit 1: address_reg-behave File: C:/COMPSYS701/ASSIGNMENTS/ReCOP-Processor/Selected VHDL source design files/address_reg.vhd Line: 20
    Info (12023): Found entity 1: address_reg File: C:/COMPSYS701/ASSIGNMENTS/ReCOP-Processor/Selected VHDL source design files/address_reg.vhd Line: 6
Info (12021): Found 2 design units, including 1 entities, in source file selected vhdl source design files/mux2_16.vhd
    Info (12022): Found design unit 1: MUX2_16-arch File: C:/COMPSYS701/ASSIGNMENTS/ReCOP-Processor/Selected VHDL source design files/MUX2_16.vhd Line: 17
    Info (12023): Found entity 1: MUX2_16 File: C:/COMPSYS701/ASSIGNMENTS/ReCOP-Processor/Selected VHDL source design files/MUX2_16.vhd Line: 8
Info (12021): Found 2 design units, including 1 entities, in source file selected vhdl source design files/mux3_16.vhd
    Info (12022): Found design unit 1: MUX3_16-arch File: C:/COMPSYS701/ASSIGNMENTS/ReCOP-Processor/Selected VHDL source design files/MUX3_16.vhd Line: 18
    Info (12023): Found entity 1: MUX3_16 File: C:/COMPSYS701/ASSIGNMENTS/ReCOP-Processor/Selected VHDL source design files/MUX3_16.vhd Line: 8
Info (12021): Found 2 design units, including 1 entities, in source file selected vhdl source design files/dprr.vhd
    Info (12022): Found design unit 1: dprr-behavior File: C:/COMPSYS701/ASSIGNMENTS/ReCOP-Processor/Selected VHDL source design files/dprr.vhd Line: 18
    Info (12023): Found entity 1: dprr File: C:/COMPSYS701/ASSIGNMENTS/ReCOP-Processor/Selected VHDL source design files/dprr.vhd Line: 8
Info (12127): Elaborating entity "pc_test" for the top level hierarchy
Info (12128): Elaborating entity "control_unit" for hierarchy "control_unit:inst1"
Info (12128): Elaborating entity "instruction_reg" for hierarchy "instruction_reg:instruction_r"
Info (12128): Elaborating entity "memory_model" for hierarchy "memory_model:inst"
Info (12128): Elaborating entity "PC" for hierarchy "PC:program_counter"
Warning (10492): VHDL Process Statement warning at PC.vhd(31): signal "tempAddress" is read inside the Process Statement but isn't in the Process Statement's sensitivity list File: C:/COMPSYS701/ASSIGNMENTS/ReCOP-Processor/Selected VHDL source design files/PC.vhd Line: 31
Info (12128): Elaborating entity "MUX2_16" for hierarchy "MUX2_16:inst2"
Info (276014): Found 1 instances of uninferred RAM logic
    Info (276004): RAM logic "memory_model:inst|memory" is uninferred due to inappropriate RAM size File: C:/COMPSYS701/ASSIGNMENTS/ReCOP-Processor/Selected VHDL source design files/memory_model.vhd Line: 29
Warning (13004): Presettable and clearable registers converted to equivalent circuits with latches. Registers power-up to an undefined state, and DEVCLRn places the registers in an undefined state.
    Warning (13310): Register "PC:program_counter|tempIncr[15]" is converted into an equivalent circuit using register "PC:program_counter|tempIncr[15]~_emulated" and latch "PC:program_counter|tempIncr[15]~1" File: C:/COMPSYS701/ASSIGNMENTS/ReCOP-Processor/Selected VHDL source design files/PC.vhd Line: 28
    Warning (13310): Register "PC:program_counter|tempIncr[14]" is converted into an equivalent circuit using register "PC:program_counter|tempIncr[14]~_emulated" and latch "PC:program_counter|tempIncr[14]~5" File: C:/COMPSYS701/ASSIGNMENTS/ReCOP-Processor/Selected VHDL source design files/PC.vhd Line: 28
    Warning (13310): Register "PC:program_counter|tempIncr[13]" is converted into an equivalent circuit using register "PC:program_counter|tempIncr[13]~_emulated" and latch "PC:program_counter|tempIncr[13]~9" File: C:/COMPSYS701/ASSIGNMENTS/ReCOP-Processor/Selected VHDL source design files/PC.vhd Line: 28
    Warning (13310): Register "PC:program_counter|tempIncr[12]" is converted into an equivalent circuit using register "PC:program_counter|tempIncr[12]~_emulated" and latch "PC:program_counter|tempIncr[12]~13" File: C:/COMPSYS701/ASSIGNMENTS/ReCOP-Processor/Selected VHDL source design files/PC.vhd Line: 28
    Warning (13310): Register "PC:program_counter|tempIncr[11]" is converted into an equivalent circuit using register "PC:program_counter|tempIncr[11]~_emulated" and latch "PC:program_counter|tempIncr[11]~17" File: C:/COMPSYS701/ASSIGNMENTS/ReCOP-Processor/Selected VHDL source design files/PC.vhd Line: 28
    Warning (13310): Register "PC:program_counter|tempIncr[10]" is converted into an equivalent circuit using register "PC:program_counter|tempIncr[10]~_emulated" and latch "PC:program_counter|tempIncr[10]~21" File: C:/COMPSYS701/ASSIGNMENTS/ReCOP-Processor/Selected VHDL source design files/PC.vhd Line: 28
    Warning (13310): Register "PC:program_counter|tempIncr[9]" is converted into an equivalent circuit using register "PC:program_counter|tempIncr[9]~_emulated" and latch "PC:program_counter|tempIncr[9]~25" File: C:/COMPSYS701/ASSIGNMENTS/ReCOP-Processor/Selected VHDL source design files/PC.vhd Line: 28
    Warning (13310): Register "PC:program_counter|tempIncr[8]" is converted into an equivalent circuit using register "PC:program_counter|tempIncr[8]~_emulated" and latch "PC:program_counter|tempIncr[8]~29" File: C:/COMPSYS701/ASSIGNMENTS/ReCOP-Processor/Selected VHDL source design files/PC.vhd Line: 28
    Warning (13310): Register "PC:program_counter|tempIncr[7]" is converted into an equivalent circuit using register "PC:program_counter|tempIncr[7]~_emulated" and latch "PC:program_counter|tempIncr[7]~33" File: C:/COMPSYS701/ASSIGNMENTS/ReCOP-Processor/Selected VHDL source design files/PC.vhd Line: 28
    Warning (13310): Register "PC:program_counter|tempIncr[6]" is converted into an equivalent circuit using register "PC:program_counter|tempIncr[6]~_emulated" and latch "PC:program_counter|tempIncr[6]~37" File: C:/COMPSYS701/ASSIGNMENTS/ReCOP-Processor/Selected VHDL source design files/PC.vhd Line: 28
    Warning (13310): Register "PC:program_counter|tempIncr[5]" is converted into an equivalent circuit using register "PC:program_counter|tempIncr[5]~_emulated" and latch "PC:program_counter|tempIncr[5]~41" File: C:/COMPSYS701/ASSIGNMENTS/ReCOP-Processor/Selected VHDL source design files/PC.vhd Line: 28
    Warning (13310): Register "PC:program_counter|tempIncr[4]" is converted into an equivalent circuit using register "PC:program_counter|tempIncr[4]~_emulated" and latch "PC:program_counter|tempIncr[4]~45" File: C:/COMPSYS701/ASSIGNMENTS/ReCOP-Processor/Selected VHDL source design files/PC.vhd Line: 28
    Warning (13310): Register "PC:program_counter|tempIncr[3]" is converted into an equivalent circuit using register "PC:program_counter|tempIncr[3]~_emulated" and latch "PC:program_counter|tempIncr[3]~49" File: C:/COMPSYS701/ASSIGNMENTS/ReCOP-Processor/Selected VHDL source design files/PC.vhd Line: 28
    Warning (13310): Register "PC:program_counter|tempIncr[2]" is converted into an equivalent circuit using register "PC:program_counter|tempIncr[2]~_emulated" and latch "PC:program_counter|tempIncr[2]~53" File: C:/COMPSYS701/ASSIGNMENTS/ReCOP-Processor/Selected VHDL source design files/PC.vhd Line: 28
    Warning (13310): Register "PC:program_counter|tempIncr[1]" is converted into an equivalent circuit using register "PC:program_counter|tempIncr[1]~_emulated" and latch "PC:program_counter|tempIncr[1]~57" File: C:/COMPSYS701/ASSIGNMENTS/ReCOP-Processor/Selected VHDL source design files/PC.vhd Line: 28
    Warning (13310): Register "PC:program_counter|tempIncr[0]" is converted into an equivalent circuit using register "PC:program_counter|tempIncr[0]~_emulated" and latch "PC:program_counter|tempIncr[0]~61" File: C:/COMPSYS701/ASSIGNMENTS/ReCOP-Processor/Selected VHDL source design files/PC.vhd Line: 28
Info (286030): Timing-Driven Synthesis is running
Info (16010): Generating hard_block partition "hard_block:auto_generated_inst"
    Info (16011): Adding 0 node(s), including 0 DDIO, 0 PLL, 0 transceiver and 0 LCELL
Info (21057): Implemented 264 device resources after synthesis - the final resource count might be different
    Info (21058): Implemented 18 input pins
    Info (21059): Implemented 89 output pins
    Info (21061): Implemented 157 logic cells
Info: Quartus Prime Analysis & Synthesis was successful. 0 errors, 19 warnings
    Info: Peak virtual memory: 4857 megabytes
    Info: Processing ended: Mon May 13 16:22:29 2024
    Info: Elapsed time: 00:00:09
    Info: Total CPU time (on all processors): 00:00:04


